KEY D
KEY S
KEY S
KEY D
KEY D
KEY D
KEY S
KEY S
KEY S
KEY D
=== [1625] LEVEL INFO ===
Dimensions: 8 x 8
Tempo: 100
Pacman file: 
Monster files (1):
  - monster1.m

=== BOARD ===
WWWWWWWW
W  ....W
W. ....W
W.    .W
W.... .W
WM    .W
W     PW
WWWWWWWW
==================
KEY S
KEY D
KEY D
KEY S
KEY D
KEY S
KEY S
KEY S
KEY S
KEY S
KEY D
KEY D
KEY W
KEY D
KEY D
=== [1625] LEVEL INFO ===
Dimensions: 10 x 10
Tempo: 100
Pacman file: 
Monster files (2):
  - monster1.m
  - monster2.m

=== BOARD ===
WWWWWWWWWW
W .......W
W   .....W
W..  ....W
W    ....W
W    ...MW
W    ....W
WM   .  PW
W      ..W
WWWWWWWWWW
==================
KEY D
